******************************************************************************
                  TI ARM Linker PC v5.1.11                     
******************************************************************************
>> Linked Fri Mar 20 14:09:22 2015

OUTPUT FILE NAME:   <uart_echo.out>
ENTRY POINT SYMBOL: "_c_int00"  address: 0000070d


MEMORY CONFIGURATION

         name            origin    length      used     unused   attr    fill
----------------------  --------  ---------  --------  --------  ----  --------
  FLASH                 00000000   00040000  00000a12  0003f5ee  R  X
  SRAM                  20000000   00008000  00000124  00007edc  RW X


SEGMENT ALLOCATION MAP

run origin  load origin   length   init length attrs members
----------  ----------- ---------- ----------- ----- -------
00000000    00000000    00000a18   00000a18    r-x
  00000000    00000000    0000026c   0000026c    r-- .intvecs
  0000026c    0000026c    000005d2   000005d2    r-x .text
  00000840    00000840    00000194   00000194    r-- .const
  000009d8    000009d8    00000040   00000040    r-- .cinit
20000000    20000000    00000124   00000000    rw-
  20000000    20000000    00000100   00000000    rw- .stack
  20000100    20000100    0000001c   00000000    rw- .data
  2000011c    2000011c    00000008   00000000    rw- .bss


SECTION ALLOCATION MAP

 output                                  attributes/
section   page    origin      length       input sections
--------  ----  ----------  ----------   ----------------
.init_array 
*          0    00000000    00000000     UNINITIALIZED

.intvecs   0    00000000    0000026c     
                  00000000    0000026c     startup_ccs.obj (.intvecs)

.text      0    0000026c    000005d2     
                  0000026c    00000104     main.obj (.text:UARTIntHandler)
                  00000370    000000c8     main.obj (.text:main)
                  00000438    0000009c     rtsv7M4_T_le_v4SPD16_eabi.lib : memcpy_t2.obj (.text)
                  000004d4    00000094                                   : auto_init.obj (.text)
                  00000568    00000060     main.obj (.text:EnableTimerInterrupt)
                  000005c8    0000005e     rtsv7M4_T_le_v4SPD16_eabi.lib : copy_decompress_rle.obj (.text)
                  00000626    00000002     startup_ccs.obj (.text:FaultISR)
                  00000628    00000050     main.obj (.text:TimerIntHandler)
                  00000678    0000004c     rtsv7M4_T_le_v4SPD16_eabi.lib : atoi.obj (.text)
                  000006c4    00000048     driverlib.lib : gpio.obj (.text:GPIOPinConfigure)
                  0000070c    00000048     rtsv7M4_T_le_v4SPD16_eabi.lib : boot.obj (.text)
                  00000754    00000044                                   : cpy_tbl.obj (.text)
                  00000798    00000044                                   : exit.obj (.text)
                  000007dc    00000018                                   : args_main.obj (.text)
                  000007f4    00000014                                   : _lock.obj (.text)
                  00000808    00000012                                   : copy_zero_init.obj (.text:decompress:ZI)
                  0000081a    0000000e                                   : copy_decompress_none.obj (.text:decompress:none)
                  00000828    00000006     driverlib.lib : gpio.obj (.text:GPIOPinWrite)
                  0000082e    00000006     startup_ccs.obj (.text:ResetISR)
                  00000834    00000006     rtsv7M4_T_le_v4SPD16_eabi.lib : copy_decompress_rle.obj (.text:decompress:rle24)
                  0000083a    00000002     startup_ccs.obj (.text:IntDefaultHandler)
                  0000083c    00000002     startup_ccs.obj (.text:NmiSR)

.const     0    00000840    00000194     
                  00000840    00000102     rtsv7M4_T_le_v4SPD16_eabi.lib : ctype.obj (.const:.string:_ctypes_)
                  00000942    00000002     --HOLE-- [fill = 0]
                  00000944    00000090     driverlib.lib : gpio.obj (.const:g_pui32GPIOBaseAddrs)

.cinit     0    000009d8    00000040     
                  000009d8    00000016     (.cinit..data.load) [load image, compression = rle]
                  000009ee    00000002     --HOLE-- [fill = 0]
                  000009f0    0000000c     (__TI_handler_table)
                  000009fc    00000004     --HOLE-- [fill = 0]
                  00000a00    00000008     (.cinit..bss.load) [load image, compression = zero_init]
                  00000a08    00000010     (__TI_cinit_table)

.stack     0    20000000    00000100     UNINITIALIZED
                  20000000    00000100     --HOLE--

.data      0    20000100    0000001c     UNINITIALIZED
                  20000100    00000008     main.obj (.data)
                  20000108    00000008     rtsv7M4_T_le_v4SPD16_eabi.lib : _lock.obj (.data)
                  20000110    00000008                                   : exit.obj (.data)
                  20000118    00000004                                   : stkdepth_vars.obj (.data)

.bss       0    2000011c    00000008     UNINITIALIZED
                  2000011c    00000008     (.common:m_uartReceived)


LINKER GENERATED COPY TABLES

__TI_cinit_table @ 00000a08 records: 2, size/record: 8, table size: 16
	.data: load addr=000009d8, load size=00000016 bytes, run addr=20000100, run size=0000001c bytes, compression=rle
	.bss: load addr=00000a00, load size=00000008 bytes, run addr=2000011c, run size=00000008 bytes, compression=zero_init


LINKER GENERATED HANDLER TABLE

__TI_handler_table @ 000009f0 records: 3, size/record: 4, table size: 12
	index: 0, handler: __TI_decompress_rle24
	index: 1, handler: __TI_decompress_none
	index: 2, handler: __TI_zero_init


GLOBAL SYMBOLS: SORTED ALPHABETICALLY BY Name 

address    name
--------   ----
00000799   C$$EXIT
00000569   EnableTimerInterrupt
000006c5   GPIOPinConfigure
00000829   GPIOPinWrite
0000082f   ResetISR
UNDEFED    SHT$$INIT_ARRAY$$Base
UNDEFED    SHT$$INIT_ARRAY$$Limit
00000629   TimerIntHandler
0000026d   UARTIntHandler
20000100   __STACK_END
00000100   __STACK_SIZE
20000100   __STACK_TOP
00000a08   __TI_CINIT_Base
00000a18   __TI_CINIT_Limit
000009f0   __TI_Handler_Table_Base
000009fc   __TI_Handler_Table_Limit
00000001   __TI_args_main
000004d5   __TI_auto_init
20000110   __TI_cleanup_ptr
0000081b   __TI_decompress_none
00000835   __TI_decompress_rle24
20000114   __TI_dtors_ptr
000009d8   __TI_static_base__
00000809   __TI_zero_init
00000439   __aeabi_memcpy
00000439   __aeabi_memcpy4
00000439   __aeabi_memcpy8
ffffffff   __binit__
ffffffff   __c_args__
20000000   __stack
000007dd   _args_main
0000070d   _c_int00
00000840   _ctypes_
20000108   _lock
00000803   _nop
000007fb   _register_lock
000007f5   _register_unlock
2000010c   _unlock
0000079d   abort
00000679   atoi
ffffffff   binit
00000755   copy_in
000007a5   exit
00000000   g_pfnVectors
20000100   m_LedStatus
20000104   m_charCount
2000011c   m_uartReceived
00000371   main
20000118   main_func_sp
00000439   memcpy


GLOBAL SYMBOLS: SORTED BY Symbol Address 

address    name
--------   ----
00000000   g_pfnVectors
00000001   __TI_args_main
00000100   __STACK_SIZE
0000026d   UARTIntHandler
00000371   main
00000439   __aeabi_memcpy
00000439   __aeabi_memcpy4
00000439   __aeabi_memcpy8
00000439   memcpy
000004d5   __TI_auto_init
00000569   EnableTimerInterrupt
00000629   TimerIntHandler
00000679   atoi
000006c5   GPIOPinConfigure
0000070d   _c_int00
00000755   copy_in
00000799   C$$EXIT
0000079d   abort
000007a5   exit
000007dd   _args_main
000007f5   _register_unlock
000007fb   _register_lock
00000803   _nop
00000809   __TI_zero_init
0000081b   __TI_decompress_none
00000829   GPIOPinWrite
0000082f   ResetISR
00000835   __TI_decompress_rle24
00000840   _ctypes_
000009d8   __TI_static_base__
000009f0   __TI_Handler_Table_Base
000009fc   __TI_Handler_Table_Limit
00000a08   __TI_CINIT_Base
00000a18   __TI_CINIT_Limit
20000000   __stack
20000100   __STACK_END
20000100   __STACK_TOP
20000100   m_LedStatus
20000104   m_charCount
20000108   _lock
2000010c   _unlock
20000110   __TI_cleanup_ptr
20000114   __TI_dtors_ptr
20000118   main_func_sp
2000011c   m_uartReceived
ffffffff   __binit__
ffffffff   __c_args__
ffffffff   binit
UNDEFED    SHT$$INIT_ARRAY$$Base
UNDEFED    SHT$$INIT_ARRAY$$Limit

[50 symbols]
